9.560000
2.660000
21.079500
1.771014
9.560000
false
false
true
false
true
true
