+-*/
3
-1
2
5
==
false
true
!=
true
false
< > <= >=
false
true
true
false
true
true
false
false
true
true
